matrix (137739, 250) 138MB
 fold 1 32
 fold 2 65
 fold 3 96
 fold 4 127
{
  "K": "250",
  "n_features": 250,
  "seconds": 127,
  "generic": {
    "censor_0": 0.7116,
    "censor_50": 0.8884,
    "censor_100": 0.9469,
    "censor_200": 0.9644,
    "censor_400": 0.9713
  },
  "blend_0.25": {
    "censor_0": 0.7301,
    "censor_50": 0.8927,
    "censor_100": 0.9519,
    "censor_200": 0.9669,
    "censor_400": 0.9732
  },
  "blend_0.35": {
    "censor_0": 0.7331,
    "censor_50": 0.8939,
    "censor_100": 0.9525,
    "censor_200": 0.9666,
    "censor_400": 0.9734
  },
  "blend_0.45": {
    "censor_0": 0.7343,
    "censor_50": 0.8953,
    "censor_100": 0.9525,
    "censor_200": 0.9662,
    "censor_400": 0.9736
  }
}
